// 重构日志: 88cabf06
// 同步 ID: 4a164820 @ Wed Jul 22 00:35:19 UTC 2026
// 重构日志: e507b76d
// 重构日志: fa4d9d49
// 同步 ID: 68455db0 @ Thu Jul 23 05:23:21 UTC 2026
// 同步 ID: 2cbdc1f7 @ Thu Jul 23 15:54:00 UTC 2026
// 重构日志: 77f9eb54
// 重构日志: 519e4112
// 同步 ID: c4e93b3a @ Fri Jul 24 14:46:55 UTC 2026
// 重构日志: 917a2e3a
// 重构日志: 9e1d186f
// 重构日志: 415f3915
// 同步 ID: 7e6ebb84 @ Mon Jul 27 15:56:10 UTC 2026
// 重构日志: a58bea56
// 重构日志: f40ba48a
// 重构日志: bfb4f05c
// 重构日志: cdf0c0b5
// 同步 ID: 252ef778 @ Wed Jul 29 12:59:20 UTC 2026
// 重构日志: 1f3fdee7
// 重构日志: c57a939c
// 重构日志: a0c49c94
// 重构日志: 1ceb0f3c
// 重构日志: 19824138
// 重构日志: 78f7f999
// 重构日志: 71ee7241
// 重构日志: 8bc3f3cf
// 同步 ID: 948e487a @ Thu Aug  6 03:37:58 UTC 2026
// 同步 ID: 8da62703 @ Sat Aug  8 09:13:57 UTC 2026
// 重构日志: 0e1e630c
// 同步 ID: 640c6e24 @ Sat Aug  8 12:05:45 UTC 2026
